build-pois starting: node v20.20.2, routes=/tmp/routes-plain.json, out=pois.json
routes loaded: 360
grid: 27002 cells, 120286 route points
band 1/12 (49.800–50.733)… 3499 elements
band 2/12 (50.733–51.667)… 25877 elements
band 3/12 (51.667–52.600)…   attempt 1/6 failed (This operation was aborted); waiting 5s…
15363 elements
band 4/12 (52.600–53.533)…   attempt 1/6 failed (This operation was aborted); waiting 5s…
18009 elements
band 5/12 (53.533–54.467)… 10592 elements
band 6/12 (54.467–55.400)… 5082 elements
band 7/12 (55.400–56.333)…   attempt 1/6 failed (This operation was aborted); waiting 5s…
4207 elements
band 8/12 (56.333–57.267)… 1156 elements
band 9/12 (57.267–58.200)…   attempt 1/6 failed (This operation was aborted); waiting 5s…
  attempt 2/6 failed (HTTP 504 from overpass-api.de); waiting 10s…
  attempt 3/6 failed (This operation was aborted); waiting 15s…
531 elements
band 10/12 (58.200–59.133)…   attempt 1/6 failed (This operation was aborted); waiting 5s…
  attempt 2/6 failed (HTTP 504 from overpass-api.de); waiting 10s…
  attempt 3/6 failed (This operation was aborted); waiting 15s…
  attempt 4/6 failed (HTTP 504 from overpass.kumi.systems); waiting 20s…
106 elements
band 11/12 (59.133–60.067)…   attempt 1/6 failed (This operation was aborted); waiting 5s…
11 elements
band 12/12 (60.067–61.000)…   attempt 1/6 failed (This operation was aborted); waiting 5s…
  attempt 2/6 failed (HTTP 504 from overpass-api.de); waiting 10s…
28 elements
harvested 84461 raw elements (complete: true)
pois.json written: 22955 kept of 84458 — 1658 KB raw.
